python : C:\Users\Administr
ator\Desktop\IIIT Bhu\slide
weaver\modules\gemini_clien
t.py:13: FutureWarning: 
At line:1 char:1
+ python test_pipeline.py 
> test_output.txt 2>&1; 
Get-Content test_outp ...
+ ~~~~~~~~~~~~~~~~~~~~~~~~~
~~~~~~~~~~~~~~~~~~~~~
    + CategoryInfo         
     : NotSpecified: (C:\  
  Users\Admini...FutureW   
 arning: :String) [], R    
emoteException
    + FullyQualifiedErrorI 
   d : NativeCommandError
 

All support for the 
`google.generativeai` 
package has ended. It will 
no longer be receiving 
updates or bug fixes. 
Please switch to the 
`google.genai` package as 
soon as possible.
See README for more 
details:

https://github.com/google-g
emini/deprecated-generative
-ai-python/blob/main/README
.md

  import 
google.generativeai as 
genai
Traceback (most recent 
call last):
  File "C:\Python313\Lib\si
te-packages\google\api_core
\grpc_helpers.py", line 
55, in 
error_remapped_callable
    return 
callable_(*args, **kwargs)
  File "C:\Python313\Lib\si
te-packages\grpc\_intercept
or.py", line 276, in 
__call__
    response, ignored_call 
= self._with_call(
                           
  ~~~~~~~~~~~~~~~^
        request,
        ^^^^^^^^
    ...<4 lines>...
        
compression=compression,
        
^^^^^^^^^^^^^^^^^^^^^^^^
    )
    ^
  File "C:\Python313\Lib\si
te-packages\grpc\_intercept
or.py", line 331, in 
_with_call
    return call.result(), 
call
           ~~~~~~~~~~~^^
  File "C:\Python313\Lib\si
te-packages\grpc\_channel.p
y", line 438, in result
    raise self
  File "C:\Python313\Lib\si
te-packages\grpc\_intercept
or.py", line 314, in 
continuation
    response, call = self._
thunk(new_method).with_call
(
                     ~~~~~~
~~~~~~~~~~~~~~~~~~~~~~~~~~~
^
        request,
        ^^^^^^^^
    ...<4 lines>...
        compression=new_com
pression,
        ^^^^^^^^^^^^^^^^^^^
^^^^^^^^^
    )
    ^
  File "C:\Python313\Lib\si
te-packages\grpc\_channel.p
y", line 1173, in with_call
    return _end_unary_respo
nse_blocking(state, call, 
True, None)
  File "C:\Python313\Lib\si
te-packages\grpc\_channel.p
y", line 990, in _end_unary
_response_blocking
    raise 
_InactiveRpcError(state)  
# pytype: 
disable=not-instantiable
    ^^^^^^^^^^^^^^^^^^^^^^^
^^^^^^^
grpc._channel._InactiveRpcE
rror: <_InactiveRpcError 
of RPC that terminated 
with:
	status = StatusCode.RESOUR
CE_EXHAUSTED
	details = "You exceeded 
your current quota, please 
check your plan and 
billing details. For more 
information on this error, 
head to: https://ai.google.
dev/gemini-api/docs/rate-li
mits. To monitor your 
current usage, head to: 
https://ai.dev/rate-limit. 
* Quota exceeded for 
metric: generativelanguage.
googleapis.com/generate_con
tent_free_tier_requests, 
limit: 0, model: 
gemini-2.0-flash
* Quota exceeded for 
metric: generativelanguage.
googleapis.com/generate_con
tent_free_tier_requests, 
limit: 0, model: 
gemini-2.0-flash
* Quota exceeded for 
metric: generativelanguage.
googleapis.com/generate_con
tent_free_tier_input_token_
count, limit: 0, model: 
gemini-2.0-flash
Please retry in 
15.302567849s."
	debug_error_string = 
"UNKNOWN:Error received 
from peer 
ipv4:216.239.34.223:443 
{grpc_message:"You 
exceeded your current 
quota, please check your 
plan and billing details. 
For more information on 
this error, head to: https:
//ai.google.dev/gemini-api/
docs/rate-limits. To 
monitor your current 
usage, head to: 
https://ai.dev/rate-limit. 
\n* Quota exceeded for 
metric: generativelanguage.
googleapis.com/generate_con
tent_free_tier_requests, 
limit: 0, model: 
gemini-2.0-flash\n* Quota 
exceeded for metric: genera
tivelanguage.googleapis.com
/generate_content_free_tier
_requests, limit: 0, 
model: gemini-2.0-flash\n* 
Quota exceeded for metric: 
generativelanguage.googleap
is.com/generate_content_fre
e_tier_input_token_count, 
limit: 0, model: 
gemini-2.0-flash\nPlease 
retry in 15.302567849s.", 
grpc_status:8}"
>

The above exception was 
the direct cause of the 
following exception:

Traceback (most recent 
call last):
  File "C:\Users\Administra
tor\Desktop\IIIT Bhu\slidew
eaver\test_pipeline.py", 
line 13, in <module>
    result = 
gc.generate_outline(
        "Climate Change",
    ...<2 lines>...
        
include_images=True,
    )
  File "C:\Users\Administra
tor\Desktop\IIIT Bhu\slidew
eaver\modules\gemini_client
.py", line 138, in 
generate_outline
    response = 
model.generate_content(
        [system_prompt, 
user_prompt],
    ...<3 lines>...
        ),
    )
  File "C:\Python313\Lib\si
te-packages\google\generati
veai\generative_models.py",
 line 331, in 
generate_content
    response = self._client
.generate_content(
        request,
        **request_options,
    )
  File "C:\Python313\Lib\si
te-packages\google\ai\gener
ativelanguage_v1beta\servic
es\generative_service\clien
t.py", line 835, in 
generate_content
    response = rpc(
        request,
    ...<2 lines>...
        metadata=metadata,
    )
  File "C:\Python313\Lib\si
te-packages\google\api_core
\gapic_v1\method.py", line 
128, in __call__
    return 
wrapped_func(*args, 
**kwargs)
  File "C:\Python313\Lib\si
te-packages\google\api_core
\retry\retry_unary.py", 
line 294, in 
retry_wrapped_func
    return retry_target(
        target,
    ...<3 lines>...
        on_error=on_error,
    )
  File "C:\Python313\Lib\si
te-packages\google\api_core
\retry\retry_unary.py", 
line 156, in retry_target
    next_sleep = 
_retry_error_helper(
        exc,
    ...<6 lines>...
        timeout,
    )
  File "C:\Python313\Lib\si
te-packages\google\api_core
\retry\retry_base.py", 
line 216, in 
_retry_error_helper
    raise final_exc from 
source_exc
  File "C:\Python313\Lib\si
te-packages\google\api_core
\retry\retry_unary.py", 
line 147, in retry_target
    result = target()
  File "C:\Python313\Lib\si
te-packages\google\api_core
\timeout.py", line 130, in 
func_with_timeout
    return func(*args, 
**kwargs)
  File "C:\Python313\Lib\si
te-packages\google\api_core
\grpc_helpers.py", line 
57, in 
error_remapped_callable
    raise exceptions.from_g
rpc_error(exc) from exc
google.api_core.exceptions.
ResourceExhausted: 429 You 
exceeded your current 
quota, please check your 
plan and billing details. 
For more information on 
this error, head to: https:
//ai.google.dev/gemini-api/
docs/rate-limits. To 
monitor your current 
usage, head to: 
https://ai.dev/rate-limit. 
* Quota exceeded for 
metric: generativelanguage.
googleapis.com/generate_con
tent_free_tier_requests, 
limit: 0, model: 
gemini-2.0-flash
* Quota exceeded for 
metric: generativelanguage.
googleapis.com/generate_con
tent_free_tier_requests, 
limit: 0, model: 
gemini-2.0-flash
* Quota exceeded for 
metric: generativelanguage.
googleapis.com/generate_con
tent_free_tier_input_token_
count, limit: 0, model: 
gemini-2.0-flash
Please retry in 
15.302567849s. [links {
  description: "Learn more 
about Gemini API quotas"
  url: "https://ai.google.d
ev/gemini-api/docs/rate-lim
its"
}
, violations {
  quota_metric: "generative
language.googleapis.com/gen
erate_content_free_tier_req
uests"
  quota_id: "GenerateReques
tsPerDayPerProjectPerModel-
FreeTier"
  quota_dimensions {
    key: "model"
    value: 
"gemini-2.0-flash"
  }
  quota_dimensions {
    key: "location"
    value: "global"
  }
}
violations {
  quota_metric: "generative
language.googleapis.com/gen
erate_content_free_tier_req
uests"
  quota_id: "GenerateReques
tsPerMinutePerProjectPerMod
el-FreeTier"
  quota_dimensions {
    key: "model"
    value: 
"gemini-2.0-flash"
  }
  quota_dimensions {
    key: "location"
    value: "global"
  }
}
violations {
  quota_metric: "generative
language.googleapis.com/gen
erate_content_free_tier_inp
ut_token_count"
  quota_id: "GenerateConten
tInputTokensPerModelPerMinu
te-FreeTier"
  quota_dimensions {
    key: "model"
    value: 
"gemini-2.0-flash"
  }
  quota_dimensions {
    key: "location"
    value: "global"
  }
}
, retry_delay {
  seconds: 15
}
]
=== TEST 1: Gemini Slide Generation ===
Gemini available: True
ERROR: 429 You exceeded your current quota, please check your plan and billing details. For more information on this error, head to: https://ai.google.dev/gemini-api/docs/rate-limits. To monitor your current usage, head to: https://ai.dev/rate-limit. 
* Quota exceeded for metric: generativelanguage.googleapis.com/generate_content_free_tier_requests, limit: 0, model: gemini-2.0-flash
* Quota exceeded for metric: generativelanguage.googleapis.com/generate_content_free_tier_requests, limit: 0, model: gemini-2.0-flash
* Quota exceeded for metric: generativelanguage.googleapis.com/generate_content_free_tier_input_token_count, limit: 0, model: gemini-2.0-flash
Please retry in 15.302567849s. [links {
  description: "Learn more about Gemini API quotas"
  url: "https://ai.google.dev/gemini-api/docs/rate-limits"
}
, violations {
  quota_metric: "generativelanguage.googleapis.com/generate_content_free_tier_requests"
  quota_id: "GenerateRequestsPerDayPerProjectPerModel-FreeTier"
  quota_dimensions {
    key: "model"
    value: "gemini-2.0-flash"
  }
  quota_dimensions {
    key: "location"
    value: "global"
  }
}
violations {
  quota_metric: "generativelanguage.googleapis.com/generate_content_free_tier_requests"
  quota_id: "GenerateRequestsPerMinutePerProjectPerModel-FreeTier"
  quota_dimensions {
    key: "model"
    value: "gemini-2.0-flash"
  }
  quota_dimensions {
    key: "location"
    value: "global"
  }
}
violations {
  quota_metric: "generativelanguage.googleapis.com/generate_content_free_tier_input_token_count"
  quota_id: "GenerateContentInputTokensPerModelPerMinute-FreeTier"
  quota_dimensions {
    key: "model"
    value: "gemini-2.0-flash"
  }
  quota_dimensions {
    key: "location"
    value: "global"
  }
}
, retry_delay {
  seconds: 15
}
]

=== TEST 2: Image Generation (Stability AI) ===
STABILITY_API_KEY set: True
PEXELS_API_KEY set: True
Image path: slides/images\stability_9f9b20a6.jpg
File exists: True
File size: 548408 bytes

=== TEST 3: PPTX Builder ===
PPTX saved: slides\briefing_56cc98e9.pptx
File exists: True
File size: 31282 bytes

=== TEST 4: Full Pipeline with Image ===
  Slide: title | has image_path: False
  Slide: bullet_points | has image_path: True
    path: slides/images\stability_24303074.jpg
    exists: True

=== ALL TESTS COMPLETE ===
